Starting AI Trip Planner test...
Shutting down all Genkit servers...
